[debug] [2026-10-05T13:00:46.814Z] ----------------------------------------------------------------------
[debug] [2026-10-05T13:00:46.817Z] Command:       D:\node.exe C:\Users\Drx\AppData\Roaming\npm\node_modules\firebase-tools\lib\bin\firebase.js projects:list --json
[debug] [2026-10-05T13:00:46.817Z] CLI Version:   15.32.1
[debug] [2026-10-05T13:00:46.817Z] Platform:      win32
[debug] [2026-10-05T13:00:46.817Z] Node Version:  v22.17.1
[debug] [2026-10-05T13:00:46.818Z] Detected Agent: unknown
[debug] [2026-10-05T13:00:46.818Z] Time:          Mon Oct 05 2026 14:00:46 GMT+0100 (West Africa Standard Time)
[debug] [2026-10-05T13:00:46.818Z] ----------------------------------------------------------------------
[debug] 
[debug] [2026-10-05T13:00:47.108Z] > command requires scopes: ["email","openid","https://www.googleapis.com/auth/cloudplatformprojects.readonly","https://www.googleapis.com/auth/firebase","https://www.googleapis.com/auth/cloud-platform"]
[debug] [2026-10-05T13:00:47.108Z] > authorizing via signed-in user (idrissabba14@gmail.com)
[debug] [2026-10-05T13:00:47.122Z] Checked if tokens are valid: false, expires at: 1769600744757
[debug] [2026-10-05T13:00:47.122Z] Checked if tokens are valid: false, expires at: 1769600744757
[debug] [2026-10-05T13:00:47.122Z] > refreshing access token with scopes: []
[debug] [2026-10-05T13:00:47.125Z] >>> [apiv2][query] POST https://www.googleapis.com/oauth2/v3/token [none]
[debug] [2026-10-05T13:00:47.125Z] >>> [apiv2][body] POST https://www.googleapis.com/oauth2/v3/token [omitted]
[debug] [2026-10-05T13:00:48.029Z] <<< [apiv2][status] POST https://www.googleapis.com/oauth2/v3/token 400
[debug] [2026-10-05T13:00:48.029Z] <<< [apiv2][body] POST https://www.googleapis.com/oauth2/v3/token [omitted]
[debug] [2026-10-05T13:00:48.030Z] >>> [apiv2][query] GET https://firebase.googleapis.com/v1beta1/projects pageSize=1000
[debug] [2026-10-05T13:00:49.208Z] <<< [apiv2][status] GET https://firebase.googleapis.com/v1beta1/projects 401
[debug] [2026-10-05T13:00:49.208Z] <<< [apiv2][body] GET https://firebase.googleapis.com/v1beta1/projects [omitted]
[debug] [2026-10-05T13:00:49.208Z] Got a 401 Unauthenticated error for a call that required authentication. Refreshing tokens.
[debug] [2026-10-05T13:00:49.209Z] Checked if tokens are valid: false, expires at: 1769600744757
[debug] [2026-10-05T13:00:49.209Z] Checked if tokens are valid: false, expires at: 1769600744757
[debug] [2026-10-05T13:00:49.209Z] > refreshing access token with scopes: []
[debug] [2026-10-05T13:00:49.209Z] >>> [apiv2][query] POST https://www.googleapis.com/oauth2/v3/token [none]
[debug] [2026-10-05T13:00:49.209Z] >>> [apiv2][body] POST https://www.googleapis.com/oauth2/v3/token [omitted]
[debug] [2026-10-05T13:00:49.506Z] <<< [apiv2][status] POST https://www.googleapis.com/oauth2/v3/token 400
[debug] [2026-10-05T13:00:49.507Z] <<< [apiv2][body] POST https://www.googleapis.com/oauth2/v3/token [omitted]
[debug] [2026-10-05T13:00:49.507Z] Request to https://firebase.googleapis.com/v1beta1/projects?pageSize=1000 had HTTP Error: 401, Request had invalid authentication credentials. Expected OAuth 2 access token, login cookie or other valid authentication credential. See https://developers.google.com/identity/sign-in/web/devconsole-project.
[debug] [2026-10-05T13:00:50.411Z] FirebaseError: Request to https://firebase.googleapis.com/v1beta1/projects?pageSize=1000 had HTTP Error: 401, Request had invalid authentication credentials. Expected OAuth 2 access token, login cookie or other valid authentication credential. See https://developers.google.com/identity/sign-in/web/devconsole-project.
    at responseToError (C:\Users\Drx\AppData\Roaming\npm\node_modules\firebase-tools\lib\responseToError.js:53:12)
    at RetryOperation._fn (C:\Users\Drx\AppData\Roaming\npm\node_modules\firebase-tools\lib\apiv2.js:415:77)
    at process.processTicksAndRejections (node:internal/process/task_queues:105:5)
[error] 
[error] Error: Failed to list Firebase projects. See firebase-debug.log for more info.
[debug] [2026-10-05T13:02:42.818Z] ----------------------------------------------------------------------
[debug] [2026-10-05T13:02:42.821Z] Command:       D:\node.exe C:\Users\Drx\AppData\Roaming\npm\node_modules\firebase-tools\lib\bin\firebase.js projects:create e-commerce-d50b6 --json
[debug] [2026-10-05T13:02:42.822Z] CLI Version:   15.32.1
[debug] [2026-10-05T13:02:42.822Z] Platform:      win32
[debug] [2026-10-05T13:02:42.822Z] Node Version:  v22.17.1
[debug] [2026-10-05T13:02:42.823Z] Detected Agent: unknown
[debug] [2026-10-05T13:02:42.823Z] Time:          Mon Oct 05 2026 14:02:42 GMT+0100 (West Africa Standard Time)
[debug] [2026-10-05T13:02:42.823Z] ----------------------------------------------------------------------
[debug] 
[debug] [2026-10-05T13:02:43.149Z] > command requires scopes: ["email","openid","https://www.googleapis.com/auth/cloudplatformprojects.readonly","https://www.googleapis.com/auth/firebase","https://www.googleapis.com/auth/cloud-platform"]
[debug] [2026-10-05T13:02:43.150Z] > authorizing via signed-in user (idrissabba14@gmail.com)
[debug] [2026-10-05T13:02:43.166Z] Checked if tokens are valid: false, expires at: 1769600744757
[debug] [2026-10-05T13:02:43.166Z] Checked if tokens are valid: false, expires at: 1769600744757
[debug] [2026-10-05T13:02:43.166Z] > refreshing access token with scopes: []
[debug] [2026-10-05T13:02:43.169Z] >>> [apiv2][query] POST https://www.googleapis.com/oauth2/v3/token [none]
[debug] [2026-10-05T13:02:43.170Z] >>> [apiv2][body] POST https://www.googleapis.com/oauth2/v3/token [omitted]
[debug] [2026-10-05T13:02:44.279Z] <<< [apiv2][status] POST https://www.googleapis.com/oauth2/v3/token 400
[debug] [2026-10-05T13:02:44.280Z] <<< [apiv2][body] POST https://www.googleapis.com/oauth2/v3/token [omitted]
[debug] [2026-10-05T13:02:44.280Z] >>> [apiv2][query] POST https://cloudresourcemanager.googleapis.com/v1/projects [none]
[debug] [2026-10-05T13:02:44.281Z] >>> [apiv2][body] POST https://cloudresourcemanager.googleapis.com/v1/projects {"projectId":"e-commerce-d50b6","name":"e-commerce-d50b6"}
[debug] [2026-10-05T13:02:45.954Z] <<< [apiv2][status] POST https://cloudresourcemanager.googleapis.com/v1/projects 401
[debug] [2026-10-05T13:02:45.955Z] <<< [apiv2][body] POST https://cloudresourcemanager.googleapis.com/v1/projects {"error":{"code":401,"message":"Request had invalid authentication credentials. Expected OAuth 2 access token, login cookie or other valid authentication credential. See https://developers.google.com/identity/sign-in/web/devconsole-project.","status":"UNAUTHENTICATED","details":[{"@type":"type.googleapis.com/google.rpc.ErrorInfo","reason":"CREDENTIALS_MISSING","metadata":{"method":"google.cloudresourcemanager.v1.Projects.CreateProject","service":"cloudresourcemanager.googleapis.com"}}]}}
[debug] [2026-10-05T13:02:45.955Z] Got a 401 Unauthenticated error for a call that required authentication. Refreshing tokens.
[debug] [2026-10-05T13:02:45.955Z] Checked if tokens are valid: false, expires at: 1769600744757
[debug] [2026-10-05T13:02:45.955Z] Checked if tokens are valid: false, expires at: 1769600744757
[debug] [2026-10-05T13:02:45.955Z] > refreshing access token with scopes: []
[debug] [2026-10-05T13:02:45.955Z] >>> [apiv2][query] POST https://www.googleapis.com/oauth2/v3/token [none]
[debug] [2026-10-05T13:02:45.955Z] >>> [apiv2][body] POST https://www.googleapis.com/oauth2/v3/token [omitted]
[debug] [2026-10-05T13:02:46.272Z] <<< [apiv2][status] POST https://www.googleapis.com/oauth2/v3/token 400
[debug] [2026-10-05T13:02:46.273Z] <<< [apiv2][body] POST https://www.googleapis.com/oauth2/v3/token [omitted]
[debug] [2026-10-05T13:02:47.440Z] FirebaseError: Request to https://cloudresourcemanager.googleapis.com/v1/projects had HTTP Error: 401, Request had invalid authentication credentials. Expected OAuth 2 access token, login cookie or other valid authentication credential. See https://developers.google.com/identity/sign-in/web/devconsole-project.
    at responseToError (C:\Users\Drx\AppData\Roaming\npm\node_modules\firebase-tools\lib\responseToError.js:53:12)
    at RetryOperation._fn (C:\Users\Drx\AppData\Roaming\npm\node_modules\firebase-tools\lib\apiv2.js:415:77)
    at process.processTicksAndRejections (node:internal/process/task_queues:105:5)
[error] 
[error] Error: Failed to create project. See firebase-debug.log for more info.
